// Jest Snapshot v1, https://goo.gl/fbAQLP

exports[`renders the right components 1`] = `
<Fragment>
  <WithStyles(CssBaseline) />
  <WithStyles(Header) />
  <Connect(WithStyles(MovieList)) />
</Fragment>
`;
